// Jest Snapshot v1, https://goo.gl/fbAQLP

exports[`should render Dashboardu correctly 1`] = `
<div>
  <Connect(ExpensesSummary) />
  <Connect(ExpensesFilters) />
  <Connect(ExpenseList) />
</div>
`;
