// Jest Snapshot v1, https://goo.gl/fbAQLP

exports[`should render Edit 1`] = `
<div>
  <Expenseform
    expense={
      Object {
        "amount": 120000,
        "createdAt": 345600000,
        "description": "Credit Card",
        "id": "3",
        "note": "",
      }
    }
    onSubmit={[Function]}
  />
  <button
    onClick={[Function]}
  >
    Delete
  </button>
</div>
`;
