// Jest Snapshot v1, https://goo.gl/fbAQLP

exports[`should render Expenses with expenses 1`] = `
<div>
  <Expense
    amount={195}
    createdAt={0}
    description="Gum"
    id="1"
    key="1"
    notes=""
  />
  <Expense
    amount={109500}
    createdAt={-345600000}
    description="Rent"
    id="2"
    key="2"
    notes=""
  />
  <Expense
    amount={120000}
    createdAt={345600000}
    description="Credit Card"
    id="3"
    key="3"
    notes=""
  />
</div>
`;

exports[`should render expense list without items 1`] = `
<div>
  <p>
    Add your first expense!
  </p>
</div>
`;
