// Jest Snapshot v1, https://goo.gl/fbAQLP

exports[`should render NotFound correctly 1`] = `
<div>
  404 Not Found
  <br />
  <Link
    replace={false}
    to="/"
  >
    Go to Dashboard
  </Link>
</div>
`;
